Archive member included to satisfy reference by file (symbol)

D:/stm_cubeide/STM32CubeIDE_1.13.2/STM32CubeIDE/plugins/com.st.stm32cube.ide.mcu.externaltools.gnu-tools-for-stm32.11.3.rel1.win32_1.1.1.202309131626/tools/bin/../lib/gcc/arm-none-eabi/11.3.1/../../../../arm-none-eabi/lib/thumb/v7e-m+fp/hard\libc_nano.a(libc_a-exit.o)
                              D:/stm_cubeide/STM32CubeIDE_1.13.2/STM32CubeIDE/plugins/com.st.stm32cube.ide.mcu.externaltools.gnu-tools-for-stm32.11.3.rel1.win32_1.1.1.202309131626/tools/bin/../lib/gcc/arm-none-eabi/11.3.1/../../../../arm-none-eabi/lib/thumb/v7e-m+fp/hard/crt0.o (exit)
D:/stm_cubeide/STM32CubeIDE_1.13.2/STM32CubeIDE/plugins/com.st.stm32cube.ide.mcu.externaltools.gnu-tools-for-stm32.11.3.rel1.win32_1.1.1.202309131626/tools/bin/../lib/gcc/arm-none-eabi/11.3.1/../../../../arm-none-eabi/lib/thumb/v7e-m+fp/hard\libc_nano.a(libc_a-findfp.o)
                              D:/stm_cubeide/STM32CubeIDE_1.13.2/STM32CubeIDE/plugins/com.st.stm32cube.ide.mcu.externaltools.gnu-tools-for-stm32.11.3.rel1.win32_1.1.1.202309131626/tools/bin/../lib/gcc/arm-none-eabi/11.3.1/../../../../arm-none-eabi/lib/thumb/v7e-m+fp/hard\libc_nano.a(libc_a-exit.o) (__stdio_exit_handler)
D:/stm_cubeide/STM32CubeIDE_1.13.2/STM32CubeIDE/plugins/com.st.stm32cube.ide.mcu.externaltools.gnu-tools-for-stm32.11.3.rel1.win32_1.1.1.202309131626/tools/bin/../lib/gcc/arm-none-eabi/11.3.1/../../../../arm-none-eabi/lib/thumb/v7e-m+fp/hard\libc_nano.a(libc_a-fwalk.o)
                              D:/stm_cubeide/STM32CubeIDE_1.13.2/STM32CubeIDE/plugins/com.st.stm32cube.ide.mcu.externaltools.gnu-tools-for-stm32.11.3.rel1.win32_1.1.1.202309131626/tools/bin/../lib/gcc/arm-none-eabi/11.3.1/../../../../arm-none-eabi/lib/thumb/v7e-m+fp/hard\libc_nano.a(libc_a-findfp.o) (_fwalk_sglue)
D:/stm_cubeide/STM32CubeIDE_1.13.2/STM32CubeIDE/plugins/com.st.stm32cube.ide.mcu.externaltools.gnu-tools-for-stm32.11.3.rel1.win32_1.1.1.202309131626/tools/bin/../lib/gcc/arm-none-eabi/11.3.1/../../../../arm-none-eabi/lib/thumb/v7e-m+fp/hard\libc_nano.a(libc_a-stdio.o)
                              D:/stm_cubeide/STM32CubeIDE_1.13.2/STM32CubeIDE/plugins/com.st.stm32cube.ide.mcu.externaltools.gnu-tools-for-stm32.11.3.rel1.win32_1.1.1.202309131626/tools/bin/../lib/gcc/arm-none-eabi/11.3.1/../../../../arm-none-eabi/lib/thumb/v7e-m+fp/hard\libc_nano.a(libc_a-findfp.o) (__sread)
D:/stm_cubeide/STM32CubeIDE_1.13.2/STM32CubeIDE/plugins/com.st.stm32cube.ide.mcu.externaltools.gnu-tools-for-stm32.11.3.rel1.win32_1.1.1.202309131626/tools/bin/../lib/gcc/arm-none-eabi/11.3.1/../../../../arm-none-eabi/lib/thumb/v7e-m+fp/hard\libc_nano.a(libc_a-memset.o)
                              D:/stm_cubeide/STM32CubeIDE_1.13.2/STM32CubeIDE/plugins/com.st.stm32cube.ide.mcu.externaltools.gnu-tools-for-stm32.11.3.rel1.win32_1.1.1.202309131626/tools/bin/../lib/gcc/arm-none-eabi/11.3.1/../../../../arm-none-eabi/lib/thumb/v7e-m+fp/hard/crt0.o (memset)
D:/stm_cubeide/STM32CubeIDE_1.13.2/STM32CubeIDE/plugins/com.st.stm32cube.ide.mcu.externaltools.gnu-tools-for-stm32.11.3.rel1.win32_1.1.1.202309131626/tools/bin/../lib/gcc/arm-none-eabi/11.3.1/../../../../arm-none-eabi/lib/thumb/v7e-m+fp/hard\libc_nano.a(libc_a-closer.o)
                              D:/stm_cubeide/STM32CubeIDE_1.13.2/STM32CubeIDE/plugins/com.st.stm32cube.ide.mcu.externaltools.gnu-tools-for-stm32.11.3.rel1.win32_1.1.1.202309131626/tools/bin/../lib/gcc/arm-none-eabi/11.3.1/../../../../arm-none-eabi/lib/thumb/v7e-m+fp/hard\libc_nano.a(libc_a-stdio.o) (_close_r)
D:/stm_cubeide/STM32CubeIDE_1.13.2/STM32CubeIDE/plugins/com.st.stm32cube.ide.mcu.externaltools.gnu-tools-for-stm32.11.3.rel1.win32_1.1.1.202309131626/tools/bin/../lib/gcc/arm-none-eabi/11.3.1/../../../../arm-none-eabi/lib/thumb/v7e-m+fp/hard\libc_nano.a(libc_a-reent.o)
                              D:/stm_cubeide/STM32CubeIDE_1.13.2/STM32CubeIDE/plugins/com.st.stm32cube.ide.mcu.externaltools.gnu-tools-for-stm32.11.3.rel1.win32_1.1.1.202309131626/tools/bin/../lib/gcc/arm-none-eabi/11.3.1/../../../../arm-none-eabi/lib/thumb/v7e-m+fp/hard\libc_nano.a(libc_a-closer.o) (errno)
D:/stm_cubeide/STM32CubeIDE_1.13.2/STM32CubeIDE/plugins/com.st.stm32cube.ide.mcu.externaltools.gnu-tools-for-stm32.11.3.rel1.win32_1.1.1.202309131626/tools/bin/../lib/gcc/arm-none-eabi/11.3.1/../../../../arm-none-eabi/lib/thumb/v7e-m+fp/hard\libc_nano.a(libc_a-impure.o)
                              D:/stm_cubeide/STM32CubeIDE_1.13.2/STM32CubeIDE/plugins/com.st.stm32cube.ide.mcu.externaltools.gnu-tools-for-stm32.11.3.rel1.win32_1.1.1.202309131626/tools/bin/../lib/gcc/arm-none-eabi/11.3.1/../../../../arm-none-eabi/lib/thumb/v7e-m+fp/hard\libc_nano.a(libc_a-reent.o) (_impure_ptr)
D:/stm_cubeide/STM32CubeIDE_1.13.2/STM32CubeIDE/plugins/com.st.stm32cube.ide.mcu.externaltools.gnu-tools-for-stm32.11.3.rel1.win32_1.1.1.202309131626/tools/bin/../lib/gcc/arm-none-eabi/11.3.1/../../../../arm-none-eabi/lib/thumb/v7e-m+fp/hard\libc_nano.a(libc_a-lseekr.o)
[...]
Memory Configuration

Name             Origin             Length             Attributes
CCMRAM           0x0000000010000000 0x0000000000010000 xrw
RAM              0x0000000020000000 0x0000000000020000 xrw
FLASH            0x0000000008000000 0x0000000000100000 xr
*default*        0x0000000000000000 0xffffffffffffffff

Linker script and memory map

LOAD D:/stm_cubeide/STM32CubeIDE_1.13.2/STM32CubeIDE/plugins/com.st.stm32cube.ide.mcu.externaltools.gnu-tools-for-stm32.11.3.rel1.win32_1.1.1.202309131626/tools/bin/../lib/gcc/arm-none-eabi/11.3.1/thumb/v7e-m+fp/hard/crti.o
LOAD D:/stm_cubeide/STM32CubeIDE_1.13.2/STM32CubeIDE/plugins/com.st.stm32cube.ide.mcu.externaltools.gnu-tools-for-stm32.11.3.rel1.win32_1.1.1.202309131626/tools/bin/../lib/gcc/arm-none-eabi/11.3.1/thumb/v7e-m+fp/hard/crtbegin.o
LOAD D:/stm_cubeide/STM32CubeIDE_1.13.2/STM32CubeIDE/plugins/com.st.stm32cube.ide.mcu.externaltools.gnu-tools-for-stm32.11.3.rel1.win32_1.1.1.202309131626/tools/bin/../lib/gcc/arm-none-eabi/11.3.1/../../../../arm-none-eabi/lib/thumb/v7e-m+fp/hard/crt0.o
LOAD ./Core/Src/main.o
LOAD ./Core/Src/stm32f4xx_hal_msp.o
LOAD ./Core/Src/stm32f4xx_it.o
LOAD ./Core/Src/syscalls.o
LOAD ./Core/Src/sysmem.o
LOAD ./Core/Src/system_stm32f4xx.o
LOAD ./Core/Startup/startup_stm32f407vgtx.o
LOAD ./Drivers/STM32F4xx_HAL_Driver/Src/stm32f4xx_hal.o
LOAD ./Drivers/STM32F4xx_HAL_Driver/Src/stm32f4xx_hal_adc.o
LOAD ./Drivers/STM32F4xx_HAL_Driver/Src/stm32f4xx_hal_adc_ex.o
LOAD ./Drivers/STM32F4xx_HAL_Driver/Src/stm32f4xx_hal_can.o
LOAD ./Drivers/STM32F4xx_HAL_Driver/Src/stm32f4xx_hal_cortex.o
LOAD ./Drivers/STM32F4xx_HAL_Driver/Src/stm32f4xx_hal_dma.o
LOAD ./Drivers/STM32F4xx_HAL_Driver/Src/stm32f4xx_hal_dma_ex.o
LOAD ./Drivers/STM32F4xx_HAL_Driver/Src/stm32f4xx_hal_exti.o
LOAD ./Drivers/STM32F4xx_HAL_Driver/Src/stm32f4xx_hal_flash.o
LOAD ./Drivers/STM32F4xx_HAL_Driver/Src/stm32f4xx_hal_flash_ex.o
LOAD ./Drivers/STM32F4xx_HAL_Driver/Src/stm32f4xx_hal_flash_ramfunc.o
LOAD ./Drivers/STM32F4xx_HAL_Driver/Src/stm32f4xx_hal_gpio.o
LOAD ./Drivers/STM32F4xx_HAL_Driver/Src/stm32f4xx_hal_pwr.o
LOAD ./Drivers/STM32F4xx_HAL_Driver/Src/stm32f4xx_hal_pwr_ex.o
LOAD ./Drivers/STM32F4xx_HAL_Driver/Src/stm32f4xx_hal_rcc.o
LOAD ./Drivers/STM32F4xx_HAL_Driver/Src/stm32f4xx_hal_rcc_ex.o
LOAD ./Drivers/STM32F4xx_HAL_Driver/Src/stm32f4xx_hal_tim.o
LOAD ./Drivers/STM32F4xx_HAL_Driver/Src/stm32f4xx_hal_tim_ex.o
LOAD ./Drivers/STM32F4xx_HAL_Driver/Src/stm32f4xx_ll_adc.o
START GROUP
LOAD D:/stm_cubeide/STM32CubeIDE_1.13.2/STM32CubeIDE/plugins/com.st.stm32cube.ide.mcu.externaltools.gnu-tools-for-stm32.11.3.rel1.win32_1.1.1.202309131626/tools/bin/../lib/gcc/arm-none-eabi/11.3.1/../../../../arm-none-eabi/lib/thumb/v7e-m+fp/hard\libc_nano.a
LOAD D:/stm_cubeide/STM32CubeIDE_1.13.2/STM32CubeIDE/plugins/com.st.stm32cube.ide.mcu.externaltools.gnu-tools-for-stm32.11.3.rel1.win32_1.1.1.202309131626/tools/bin/../lib/gcc/arm-none-eabi/11.3.1/../../../../arm-none-eabi/lib/thumb/v7e-m+fp/hard\libm.a
END GROUP
START GROUP
LOAD D:/stm_cubeide/STM32CubeIDE_1.13.2/STM32CubeIDE/plugins/com.st.stm32cube.ide.mcu.externaltools.gnu-tools-for-stm32.11.3.rel1.win32_1.1.1.202309131626/tools/bin/../lib/gcc/arm-none-eabi/11.3.1/thumb/v7e-m+fp/hard\libgcc.a
LOAD D:/stm_cubeide/STM32CubeIDE_1.13.2/STM32CubeIDE/plugins/com.st.stm32cube.ide.mcu.externaltools.gnu-tools-for-stm32.11.3.rel1.win32_1.1.1.202309131626/tools/bin/../lib/gcc/arm-none-eabi/11.3.1/../../../../arm-none-eabi/lib/thumb/v7e-m+fp/hard\libc_nano.a
END GROUP
START GROUP
LOAD D:/stm_cubeide/STM32CubeIDE_1.13.2/STM32CubeIDE/plugins/com.st.stm32cube.ide.mcu.externaltools.gnu-tools-for-stm32.11.3.rel1.win32_1.1.1.202309131626/tools/bin/../lib/gcc/arm-none-eabi/11.3.1/thumb/v7e-m+fp/hard\libgcc.a
LOAD D:/stm_cubeide/STM32CubeIDE_1.13.2/STM32CubeIDE/plugins/com.st.stm32cube.ide.mcu.externaltools.gnu-tools-for-stm32.11.3.rel1.win32_1.1.1.202309131626/tools/bin/../lib/gcc/arm-none-eabi/11.3.1/../../../../arm-none-eabi/lib/thumb/v7e-m+fp/hard\libc_nano.a
LOAD D:/stm_cubeide/STM32CubeIDE_1.13.2/STM32CubeIDE/plugins/com.st.stm32cube.ide.mcu.externaltools.gnu-tools-for-stm32.11.3.rel1.win32_1.1.1.202309131626/tools/bin/../lib/gcc/arm-none-eabi/11.3.1/../../../../arm-none-eabi/lib/thumb/v7e-m+fp/hard\libnosys.a
END GROUP
START GROUP
LOAD D:/stm_cubeide/STM32CubeIDE_1.13.2/STM32CubeIDE/plugins/com.st.stm32cube.ide.mcu.externaltools.gnu-tools-for-stm32.11.3.rel1.win32_1.1.1.202309131626/tools/bin/../lib/gcc/arm-none-eabi/11.3.1/thumb/v7e-m+fp/hard\libgcc.a
LOAD D:/stm_cubeide/STM32CubeIDE_1.13.2/STM32CubeIDE/plugins/com.st.stm32cube.ide.mcu.externaltools.gnu-tools-for-stm32.11.3.rel1.win32_1.1.1.202309131626/tools/bin/../lib/gcc/arm-none-eabi/11.3.1/../../../../arm-none-eabi/lib/thumb/v7e-m+fp/hard\libc_nano.a
LOAD D:/stm_cubeide/STM32CubeIDE_1.13.2/STM32CubeIDE/plugins/com.st.stm32cube.ide.mcu.externaltools.gnu-tools-for-stm32.11.3.rel1.win32_1.1.1.202309131626/tools/bin/../lib/gcc/arm-none-eabi/11.3.1/../../../../arm-none-eabi/lib/thumb/v7e-m+fp/hard\libnosys.a
END GROUP
LOAD D:/stm_cubeide/STM32CubeIDE_1.13.2/STM32CubeIDE/plugins/com.st.stm32cube.ide.mcu.externaltools.gnu-tools-for-stm32.11.3.rel1.win32_1.1.1.202309131626/tools/bin/../lib/gcc/arm-none-eabi/11.3.1/thumb/v7e-m+fp/hard/crtend.o
LOAD D:/stm_cubeide/STM32CubeIDE_1.13.2/STM32CubeIDE/plugins/com.st.stm32cube.ide.mcu.externaltools.gnu-tools-for-stm32.11.3.rel1.win32_1.1.1.202309131626/tools/bin/../lib/gcc/arm-none-eabi/11.3.1/thumb/v7e-m+fp/hard/crtn.o
                0x0000000020020000                _estack = (ORIGIN (RAM) + LENGTH (RAM))
                0x0000000000000200                _Min_Heap_Size = 0x200
                0x0000000000000400                _Min_Stack_Size = 0x400

.isr_vector     0x0000000008000000      0x188
                0x0000000008000000                . = ALIGN (0x4)
 *(.isr_vector)
 .isr_vector    0x0000000008000000      0x188 ./Core/Startup/startup_stm32f407vgtx.o
                0x0000000008000000                g_pfnVectors
                0x0000000008000188                . = ALIGN (0x4)

.text           0x0000000008000188     0x49a8
                0x0000000008000188                . = ALIGN (0x4)
 *(.text)
 .text          0x0000000008000188       0x40 D:/stm_cubeide/STM32CubeIDE_1.13.2/STM32CubeIDE/plugins/com.st.stm32cube.ide.mcu.externaltools.gnu-tools-for-stm32.11.3.rel1.win32_1.1.1.202309131626/tools/bin/../lib/gcc/arm-none-eabi/11.3.1/thumb/v7e-m+fp/hard/crtbegin.o
 .text          0x00000000080001c8       0x30 D:/stm_cubeide/STM32CubeIDE_1.13.2/STM32CubeIDE/plugins/com.st.stm32cube.ide.mcu.externaltools.gnu-tools-for-stm32.11.3.rel1.win32_1.1.1.202309131626/tools/bin/../lib/gcc/arm-none-eabi/11.3.1/thumb/v7e-m+fp/hard\libgcc.a(_aeabi_uldivmod.o)
                0x00000000080001c8                __aeabi_uldivmod
 .text          0x00000000080001f8      0x2c8 D:/stm_cubeide/STM32CubeIDE_1.13.2/STM32CubeIDE/plugins/com.st.stm32cube.ide.mcu.externaltools.gnu-tools-for-stm32.11.3.rel1.win32_1.1.1.202309131626/tools/bin/../lib/gcc/arm-none-eabi/11.3.1/thumb/v7e-m+fp/hard\libgcc.a(_udivmoddi4.o)
                0x00000000080001f8                __udivmoddi4
 .text          0x00000000080004c0        0x4 D:/stm_cubeide/STM32CubeIDE_1.13.2/STM32CubeIDE/plugins/com.st.stm32cube.ide.mcu.externaltools.gnu-tools-for-stm32.11.3.rel1.win32_1.1.1.202309131626/tools/bin/../lib/gcc/arm-none-eabi/11.3.1/thumb/v7e-m+fp/hard\libgcc.a(_dvmd_tls.o)
                0x00000000080004c0                __aeabi_idiv0
                0x00000000080004c0                __aeabi_ldiv0
 *(.text*)
 .text.main     0x00000000080004c4      0x184 ./Core/Src/main.o
                0x00000000080004c4                main
 .text.SystemClock_Config
                0x0000000008000648       0xd0 ./Core/Src/main.o
                0x0000000008000648                SystemClock_Config
 .text.MX_ADC1_Init
                0x0000000008000718       0xa4 ./Core/Src/main.o
 .text.MX_CAN1_Init
                0x00000000080007bc       0x6c ./Core/Src/main.o
 .text.MX_TIM4_Init
                0x0000000008000828      0x104 ./Core/Src/main.o
 .text.MX_DMA_Init
                0x000000000800092c       0x50 ./Core/Src/main.o
 .text.MX_GPIO_Init
                0x000000000800097c      0x118 ./Core/Src/main.o
 .text.HAL_ADC_ConvCpltCallback
                0x0000000008000a94       0x20 ./Core/Src/main.o
                0x0000000008000a94                HAL_ADC_ConvCpltCallback
 .text.turn_motor
                0x0000000008000ab4       0x40 ./Core/Src/main.o
 .text.handle_ADC_Conversion
                0x0000000008000af4       0x64 ./Core/Src/main.o
 .text.variablesToByteArray
                0x0000000008000b58       0x6a ./Core/Src/main.o
 *fill*         0x0000000008000bc2        0x2 
 .text.CAN1_Tx  0x0000000008000bc4       0x54 ./Core/Src/main.o
 .text.HAL_CAN_TxMailbox0CompleteCallback
                0x0000000008000c18       0x2c ./Core/Src/main.o
                0x0000000008000c18                HAL_CAN_TxMailbox0CompleteCallback
 .text.HAL_CAN_TxMailbox1CompleteCallback
                0x0000000008000c44       0x2c ./Core/Src/main.o
                0x0000000008000c44                HAL_CAN_TxMailbox1CompleteCallback
 .text.HAL_CAN_TxMailbox2CompleteCallback
                0x0000000008000c70       0x2c ./Core/Src/main.o
                0x0000000008000c70                HAL_CAN_TxMailbox2CompleteCallback
 .text.HAL_CAN_RxFifo0MsgPendingCallback
                0x0000000008000c9c       0x2c ./Core/Src/main.o
                0x0000000008000c9c                HAL_CAN_RxFifo0MsgPendingCallback
 .text.HAL_CAN_ErrorCallback
                0x0000000008000cc8       0x2c ./Core/Src/main.o
                0x0000000008000cc8                HAL_CAN_ErrorCallback
 .text.Error_Handler
                0x0000000008000cf4        0xa ./Core/Src/main.o
                0x0000000008000cf4                Error_Handler
 *fill*         0x0000000008000cfe        0x2 
 .text.HAL_MspInit
                0x0000000008000d00       0x50 ./Core/Src/stm32f4xx_hal_msp.o
                0x0000000008000d00                HAL_MspInit
 .text.HAL_ADC_MspInit
                0x0000000008000d50       0x98 ./Core/Src/stm32f4xx_hal_msp.o
                0x0000000008000d50                HAL_ADC_MspInit
 .text.HAL_CAN_MspInit
                0x0000000008000de8       0xc0 ./Core/Src/stm32f4xx_hal_msp.o
                0x0000000008000de8                HAL_CAN_MspInit
 .text.HAL_TIM_Base_MspInit
                0x0000000008000ea8      0x114 ./Core/Src/stm32f4xx_hal_msp.o
                0x0000000008000ea8                HAL_TIM_Base_MspInit
 .text.HAL_TIM_MspPostInit
                0x0000000008000fbc       0x74 ./Core/Src/stm32f4xx_hal_msp.o
                0x0000000008000fbc                HAL_TIM_MspPostInit
 .text.NMI_Handler
                0x0000000008001030        0x6 ./Core/Src/stm32f4xx_it.o
                0x0000000008001030                NMI_Handler
 .text.HardFault_Handler
                0x0000000008001036        0x6 ./Core/Src/stm32f4xx_it.o
                0x0000000008001036                HardFault_Handler
 .text.MemManage_Handler
                0x000000000800103c        0x6 ./Core/Src/stm32f4xx_it.o
                0x000000000800103c                MemManage_Handler
 .text.BusFault_Handler
                0x0000000008001042        0x6 ./Core/Src/stm32f4xx_it.o
                0x0000000008001042                BusFault_Handler
 .text.UsageFault_Handler
                0x0000000008001048        0x6 ./Core/Src/stm32f4xx_it.o
                0x0000000008001048                UsageFault_Handler
 .text.SVC_Handler
                0x000000000800104e        0xe ./Core/Src/stm32f4xx_it.o
                0x000000000800104e                SVC_Handler
 .text.DebugMon_Handler
                0x000000000800105c        0xe ./Core/Src/stm32f4xx_it.o
                0x000000000800105c                DebugMon_Handler
 .text.PendSV_Handler
                0x000000000800106a        0xe ./Core/Src/stm32f4xx_it.o
                0x000000000800106a                PendSV_Handler
 .text.SysTick_Handler
                0x0000000008001078        0xc ./Core/Src/stm32f4xx_it.o
                0x0000000008001078                SysTick_Handler
 .text.DMA1_Stream0_IRQHandler
                0x0000000008001084       0x14 ./Core/Src/stm32f4xx_it.o
                0x0000000008001084                DMA1_Stream0_IRQHandler
 .text.DMA1_Stream3_IRQHandler
                0x0000000008001098       0x14 ./Core/Src/stm32f4xx_it.o
                0x0000000008001098                DMA1_Stream3_IRQHandler
 .text.ADC_IRQHandler
                0x00000000080010ac       0x14 ./Core/Src/stm32f4xx_it.o
                0x00000000080010ac                ADC_IRQHandler
 .text.CAN1_TX_IRQHandler
                0x00000000080010c0       0x14 ./Core/Src/stm32f4xx_it.o
                0x00000000080010c0                CAN1_TX_IRQHandler
 .text.CAN1_RX0_IRQHandler
                0x00000000080010d4       0x14 ./Core/Src/stm32f4xx_it.o
                0x00000000080010d4                CAN1_RX0_IRQHandler
 .text.CAN1_SCE_IRQHandler
                0x00000000080010e8       0x14 ./Core/Src/stm32f4xx_it.o
                0x00000000080010e8                CAN1_SCE_IRQHandler
 .text.SystemInit
                0x00000000080010fc       0x24 ./Core/Src/system_stm32f4xx.o
                0x00000000080010fc                SystemInit
 .text.Reset_Handler
                0x0000000008001120       0x50 ./Core/Startup/startup_stm32f407vgtx.o
                0x0000000008001120                Reset_Handler
 .text.Default_Handler
                0x0000000008001170        0x2 ./Core/Startup/startup_stm32f407vgtx.o
                0x0000000008001170                RTC_Alarm_IRQHandler
                0x0000000008001170                HASH_RNG_IRQHandler
                0x0000000008001170                EXTI2_IRQHandler
                0x0000000008001170                TIM8_CC_IRQHandler
                0x0000000008001170                TIM1_CC_IRQHandler
                0x0000000008001170                DMA2_Stream5_IRQHandler
                0x0000000008001170                DMA1_Stream5_IRQHandler
                0x0000000008001170                PVD_IRQHandler
                0x0000000008001170                SDIO_IRQHandler
                0x0000000008001170                TAMP_STAMP_IRQHandler
                0x0000000008001170                CAN2_RX1_IRQHandler
                0x0000000008001170                EXTI3_IRQHandler
                0x0000000008001170                TIM8_TRG_COM_TIM14_IRQHandler
                0x0000000008001170                TIM1_UP_TIM10_IRQHandler
                0x0000000008001170                TIM8_UP_TIM13_IRQHandler
                0x0000000008001170                I2C3_ER_IRQHandler
                0x0000000008001170                EXTI0_IRQHandler
                0x0000000008001170                I2C2_EV_IRQHandler
                0x0000000008001170                DMA1_Stream2_IRQHandler
                0x0000000008001170                FPU_IRQHandler
                0x0000000008001170                OTG_HS_WKUP_IRQHandler
                0x0000000008001170                CAN2_SCE_IRQHandler
                0x0000000008001170                DMA2_Stream2_IRQHandler
                0x0000000008001170                SPI1_IRQHandler
                0x0000000008001170                TIM6_DAC_IRQHandler
                0x0000000008001170                TIM1_BRK_TIM9_IRQHandler
                0x0000000008001170                DCMI_IRQHandler
                0x0000000008001170                CAN2_RX0_IRQHandler
                0x0000000008001170                DMA2_Stream3_IRQHandler
                0x0000000008001170                USART6_IRQHandler
                0x0000000008001170                USART3_IRQHandler
                0x0000000008001170                CAN1_RX1_IRQHandler
                0x0000000008001170                UART5_IRQHandler
                0x0000000008001170                DMA2_Stream0_IRQHandler
                0x0000000008001170                TIM4_IRQHandler
                0x0000000008001170                I2C1_EV_IRQHandler
                0x0000000008001170                DMA1_Stream6_IRQHandler
                0x0000000008001170                DMA1_Stream1_IRQHandler
                0x0000000008001170                UART4_IRQHandler
                0x0000000008001170                TIM3_IRQHandler
                0x0000000008001170                RCC_IRQHandler
                0x0000000008001170                TIM8_BRK_TIM12_IRQHandler
                0x0000000008001170                Default_Handler
                0x0000000008001170                EXTI15_10_IRQHandler
                0x0000000008001170                DMA1_Stream7_IRQHandler
                0x0000000008001170                TIM7_IRQHandler
                0x0000000008001170                CAN2_TX_IRQHandler
                0x0000000008001170                TIM5_IRQHandler
                0x0000000008001170                DMA2_Stream7_IRQHandler
                0x0000000008001170                I2C3_EV_IRQHandler
                0x0000000008001170                EXTI9_5_IRQHandler
                0x0000000008001170                RTC_WKUP_IRQHandler
                0x0000000008001170                ETH_WKUP_IRQHandler
                0x0000000008001170                SPI2_IRQHandler
                0x0000000008001170                OTG_HS_EP1_IN_IRQHandler
                0x0000000008001170                EXTI4_IRQHandler
                0x0000000008001170                FSMC_IRQHandler
                0x0000000008001170                ETH_IRQHandler
                0x0000000008001170                OTG_HS_EP1_OUT_IRQHandler
                0x0000000008001170                WWDG_IRQHandler
                0x0000000008001170                TIM2_IRQHandler
                0x0000000008001170                OTG_FS_WKUP_IRQHandler
                0x0000000008001170                TIM1_TRG_COM_TIM11_IRQHandler
                0x0000000008001170                OTG_HS_IRQHandler
                0x0000000008001170                EXTI1_IRQHandler
                0x0000000008001170                USART2_IRQHandler
                0x0000000008001170                I2C2_ER_IRQHandler
                0x0000000008001170                DMA2_Stream1_IRQHandler
                0x0000000008001170                FLASH_IRQHandler
                0x0000000008001170                DMA2_Stream4_IRQHandler
                0x0000000008001170                USART1_IRQHandler
                0x0000000008001170                OTG_FS_IRQHandler
                0x0000000008001170                SPI3_IRQHandler
                0x0000000008001170                DMA1_Stream4_IRQHandler
                0x0000000008001170                I2C1_ER_IRQHandler
                0x0000000008001170                DMA2_Stream6_IRQHandler
 *fill*         0x0000000008001172        0x2 
 .text.HAL_Init
                0x0000000008001174       0x44 ./Drivers/STM32F4xx_HAL_Driver/Src/stm32f4xx_hal.o
                0x0000000008001174                HAL_Init
 .text.HAL_InitTick
                0x00000000080011b8       0x60 ./Drivers/STM32F4xx_HAL_Driver/Src/stm32f4xx_hal.o
                0x00000000080011b8                HAL_InitTick
 .text.HAL_IncTick
                0x0000000008001218       0x28 ./Drivers/STM32F4xx_HAL_Driver/Src/stm32f4xx_hal.o
                0x0000000008001218                HAL_IncTick
 .text.HAL_GetTick
                0x0000000008001240       0x18 ./Drivers/STM32F4xx_HAL_Driver/Src/stm32f4xx_hal.o
                0x0000000008001240                HAL_GetTick
 .text.HAL_Delay
                0x0000000008001258       0x48 ./Drivers/STM32F4xx_HAL_Driver/Src/stm32f4xx_hal.o
                0x0000000008001258                HAL_Delay
 .text.HAL_ADC_Init
                0x00000000080012a0       0x86 ./Drivers/STM32F4xx_HAL_Driver/Src/stm32f4xx_hal_adc.o
                0x00000000080012a0                HAL_ADC_Init
 *fill*         0x0000000008001326        0x2 
 .text.HAL_ADC_Start_IT
                0x0000000008001328      0x1bc ./Drivers/STM32F4xx_HAL_Driver/Src/stm32f4xx_hal_adc.o
                0x0000000008001328                HAL_ADC_Start_IT
 .text.HAL_ADC_Stop_IT
                0x00000000080014e4       0x7a ./Drivers/STM32F4xx_HAL_Driver/Src/stm32f4xx_hal_adc.o
                0x00000000080014e4                HAL_ADC_Stop_IT
 .text.HAL_ADC_IRQHandler
                0x000000000800155e      0x220 ./Drivers/STM32F4xx_HAL_Driver/Src/stm32f4xx_hal_adc.o
                0x000000000800155e                HAL_ADC_IRQHandler
 .text.HAL_ADC_GetValue
                0x000000000800177e       0x1a ./Drivers/STM32F4xx_HAL_Driver/Src/stm32f4xx_hal_adc.o
                0x000000000800177e                HAL_ADC_GetValue
 .text.HAL_ADC_LevelOutOfWindowCallback
                0x0000000008001798       0x14 ./Drivers/STM32F4xx_HAL_Driver/Src/stm32f4xx_hal_adc.o
                0x0000000008001798                HAL_ADC_LevelOutOfWindowCallback
 .text.HAL_ADC_ErrorCallback
                0x00000000080017ac       0x14 ./Drivers/STM32F4xx_HAL_Driver/Src/stm32f4xx_hal_adc.o
                0x00000000080017ac                HAL_ADC_ErrorCallback
 .text.HAL_ADC_ConfigChannel
                0x00000000080017c0      0x244 ./Drivers/STM32F4xx_HAL_Driver/Src/stm32f4xx_hal_adc.o
                0x00000000080017c0                HAL_ADC_ConfigChannel
 .text.ADC_Init
                0x0000000008001a04      0x1f8 ./Drivers/STM32F4xx_HAL_Driver/Src/stm32f4xx_hal_adc.o
 .text.HAL_ADCEx_InjectedConvCpltCallback
                0x0000000008001bfc       0x14 ./Drivers/STM32F4xx_HAL_Driver/Src/stm32f4xx_hal_adc_ex.o
                0x0000000008001bfc                HAL_ADCEx_InjectedConvCpltCallback
 .text.HAL_CAN_Init
                0x0000000008001c10      0x1f6 ./Drivers/STM32F4xx_HAL_Driver/Src/stm32f4xx_hal_can.o
                0x0000000008001c10                HAL_CAN_Init
 .text.HAL_CAN_Start
                0x0000000008001e06       0x88 ./Drivers/STM32F4xx_HAL_Driver/Src/stm32f4xx_hal_can.o
                0x0000000008001e06                HAL_CAN_Start
 .text.HAL_CAN_AddTxMessage
                0x0000000008001e8e      0x1a0 ./Drivers/STM32F4xx_HAL_Driver/Src/stm32f4xx_hal_can.o
                0x0000000008001e8e                HAL_CAN_AddTxMessage
 .text.HAL_CAN_ActivateNotification
                0x000000000800202e       0x4c ./Drivers/STM32F4xx_HAL_Driver/Src/stm32f4xx_hal_can.o
                0x000000000800202e                HAL_CAN_ActivateNotification
 .text.HAL_CAN_IRQHandler
                0x000000000800207a      0x36e ./Drivers/STM32F4xx_HAL_Driver/Src/stm32f4xx_hal_can.o
                0x000000000800207a                HAL_CAN_IRQHandler
 .text.HAL_CAN_TxMailbox0AbortCallback
                0x00000000080023e8       0x14 ./Drivers/STM32F4xx_HAL_Driver/Src/stm32f4xx_hal_can.o
                0x00000000080023e8                HAL_CAN_TxMailbox0AbortCallback
 .text.HAL_CAN_TxMailbox1AbortCallback
                0x00000000080023fc       0x14 ./Drivers/STM32F4xx_HAL_Driver/Src/stm32f4xx_hal_can.o
                0x00000000080023fc                HAL_CAN_TxMailbox1AbortCallback
 .text.HAL_CAN_TxMailbox2AbortCallback
                0x0000000008002410       0x14 ./Drivers/STM32F4xx_HAL_Driver/Src/stm32f4xx_hal_can.o
                0x0000000008002410                HAL_CAN_TxMailbox2AbortCallback
 .text.HAL_CAN_RxFifo0FullCallback
                0x0000000008002424       0x14 ./Drivers/STM32F4xx_HAL_Driver/Src/stm32f4xx_hal_can.o
                0x0000000008002424                HAL_CAN_RxFifo0FullCallback
 .text.HAL_CAN_RxFifo1MsgPendingCallback
                0x0000000008002438       0x14 ./Drivers/STM32F4xx_HAL_Driver/Src/stm32f4xx_hal_can.o
                0x0000000008002438                HAL_CAN_RxFifo1MsgPendingCallback
 .text.HAL_CAN_RxFifo1FullCallback
                0x000000000800244c       0x14 ./Drivers/STM32F4xx_HAL_Driver/Src/stm32f4xx_hal_can.o
                0x000000000800244c                HAL_CAN_RxFifo1FullCallback
 .text.HAL_CAN_SleepCallback
                0x0000000008002460       0x14 ./Drivers/STM32F4xx_HAL_Driver/Src/stm32f4xx_hal_can.o
                0x0000000008002460                HAL_CAN_SleepCallback
 .text.HAL_CAN_WakeUpFromRxMsgCallback
                0x0000000008002474       0x14 ./Drivers/STM32F4xx_HAL_Driver/Src/stm32f4xx_hal_can.o
                0x0000000008002474                HAL_CAN_WakeUpFromRxMsgCallback
 .text.__NVIC_SetPriorityGrouping
                0x0000000008002488       0x48 ./Drivers/STM32F4xx_HAL_Driver/Src/stm32f4xx_hal_cortex.o
 .text.__NVIC_GetPriorityGrouping
                0x00000000080024d0       0x1c ./Drivers/STM32F4xx_HAL_Driver/Src/stm32f4xx_hal_cortex.o
 .text.__NVIC_EnableIRQ
                0x00000000080024ec       0x3c ./Drivers/STM32F4xx_HAL_Driver/Src/stm32f4xx_hal_cortex.o
 .text.__NVIC_SetPriority
                0x0000000008002528       0x54 ./Drivers/STM32F4xx_HAL_Driver/Src/stm32f4xx_hal_cortex.o
 .text.NVIC_EncodePriority
                0x000000000800257c       0x66 ./Drivers/STM32F4xx_HAL_Driver/Src/stm32f4xx_hal_cortex.o
 *fill*         0x00000000080025e2        0x2 
 .text.SysTick_Config
                0x00000000080025e4       0x44 ./Drivers/STM32F4xx_HAL_Driver/Src/stm32f4xx_hal_cortex.o
 .text.HAL_NVIC_SetPriorityGrouping
                0x0000000008002628       0x16 ./Drivers/STM32F4xx_HAL_Driver/Src/stm32f4xx_hal_cortex.o
                0x0000000008002628                HAL_NVIC_SetPriorityGrouping
 .text.HAL_NVIC_SetPriority
                0x000000000800263e       0x38 ./Drivers/STM32F4xx_HAL_Driver/Src/stm32f4xx_hal_cortex.o
                0x000000000800263e                HAL_NVIC_SetPriority
 .text.HAL_NVIC_EnableIRQ
                0x0000000008002676       0x1c ./Drivers/STM32F4xx_HAL_Driver/Src/stm32f4xx_hal_cortex.o
                0x0000000008002676                HAL_NVIC_EnableIRQ
 .text.HAL_SYSTICK_Config
                0x0000000008002692       0x18 ./Drivers/STM32F4xx_HAL_Driver/Src/stm32f4xx_hal_cortex.o
                0x0000000008002692                HAL_SYSTICK_Config
 *fill*         0x00000000080026aa        0x2 
 .text.HAL_DMA_Init
                0x00000000080026ac      0x15c ./Drivers/STM32F4xx_HAL_Driver/Src/stm32f4xx_hal_dma.o
                0x00000000080026ac                HAL_DMA_Init
 .text.HAL_DMA_Start_IT
                0x0000000008002808       0xb0 ./Drivers/STM32F4xx_HAL_Driver/Src/stm32f4xx_hal_dma.o
                0x0000000008002808                HAL_DMA_Start_IT
 .text.HAL_DMA_IRQHandler
                0x00000000080028b8      0x314 ./Drivers/STM32F4xx_HAL_Driver/Src/stm32f4xx_hal_dma.o
                0x00000000080028b8                HAL_DMA_IRQHandler
 .text.DMA_SetConfig
                0x0000000008002bcc       0x5c ./Drivers/STM32F4xx_HAL_Driver/Src/stm32f4xx_hal_dma.o
 .text.DMA_CalcBaseAndBitshift
                0x0000000008002c28       0x6c ./Drivers/STM32F4xx_HAL_Driver/Src/stm32f4xx_hal_dma.o
 .text.DMA_CheckFifoParam
                0x0000000008002c94       0xf8 ./Drivers/STM32F4xx_HAL_Driver/Src/stm32f4xx_hal_dma.o
 .text.HAL_GPIO_Init
                0x0000000008002d8c      0x338 ./Drivers/STM32F4xx_HAL_Driver/Src/stm32f4xx_hal_gpio.o
                0x0000000008002d8c                HAL_GPIO_Init
 .text.HAL_GPIO_WritePin
                0x00000000080030c4       0x32 ./Drivers/STM32F4xx_HAL_Driver/Src/stm32f4xx_hal_gpio.o
                0x00000000080030c4                HAL_GPIO_WritePin
 *fill*         0x00000000080030f6        0x2 
 .text.HAL_RCC_OscConfig
                0x00000000080030f8      0x4f0 ./Drivers/STM32F4xx_HAL_Driver/Src/stm32f4xx_hal_rcc.o
                0x00000000080030f8                HAL_RCC_OscConfig
 .text.HAL_RCC_ClockConfig
                0x00000000080035e8      0x1cc ./Drivers/STM32F4xx_HAL_Driver/Src/stm32f4xx_hal_rcc.o
                0x00000000080035e8                HAL_RCC_ClockConfig
 .text.HAL_RCC_GetSysClockFreq
                0x00000000080037b4      0x20c ./Drivers/STM32F4xx_HAL_Driver/Src/stm32f4xx_hal_rcc.o
                0x00000000080037b4                HAL_RCC_GetSysClockFreq
 .text.HAL_TIM_Base_Init
                0x00000000080039c0       0x9e ./Drivers/STM32F4xx_HAL_Driver/Src/stm32f4xx_hal_tim.o
                0x00000000080039c0                HAL_TIM_Base_Init
 .text.HAL_TIM_PWM_Init
                0x0000000008003a5e       0x9e ./Drivers/STM32F4xx_HAL_Driver/Src/stm32f4xx_hal_tim.o
                0x0000000008003a5e                HAL_TIM_PWM_Init
 .text.HAL_TIM_PWM_MspInit
                0x0000000008003afc       0x14 ./Drivers/STM32F4xx_HAL_Driver/Src/stm32f4xx_hal_tim.o
                0x0000000008003afc                HAL_TIM_PWM_MspInit
 .text.HAL_TIM_PWM_Start_DMA
                0x0000000008003b10      0x390 ./Drivers/STM32F4xx_HAL_Driver/Src/stm32f4xx_hal_tim.o
                0x0000000008003b10                HAL_TIM_PWM_Start_DMA
 .text.HAL_TIM_PWM_ConfigChannel
                0x0000000008003ea0      0x184 ./Drivers/STM32F4xx_HAL_Driver/Src/stm32f4xx_hal_tim.o
                0x0000000008003ea0                HAL_TIM_PWM_ConfigChannel
 .text.HAL_TIM_ConfigClockSource
                0x0000000008004024      0x18e ./Drivers/STM32F4xx_HAL_Driver/Src/stm32f4xx_hal_tim.o
                0x0000000008004024                HAL_TIM_ConfigClockSource
 .text.HAL_TIM_PWM_PulseFinishedCallback
                0x00000000080041b2       0x14 ./Drivers/STM32F4xx_HAL_Driver/Src/stm32f4xx_hal_tim.o
                0x00000000080041b2                HAL_TIM_PWM_PulseFinishedCallback
 .text.HAL_TIM_PWM_PulseFinishedHalfCpltCallback
                0x00000000080041c6       0x14 ./Drivers/STM32F4xx_HAL_Driver/Src/stm32f4xx_hal_tim.o
                0x00000000080041c6                HAL_TIM_PWM_PulseFinishedHalfCpltCallback
 .text.HAL_TIM_ErrorCallback
                0x00000000080041da       0x14 ./Drivers/STM32F4xx_HAL_Driver/Src/stm32f4xx_hal_tim.o
                0x00000000080041da                HAL_TIM_ErrorCallback
 .text.TIM_DMAError
                0x00000000080041ee       0x92 ./Drivers/STM32F4xx_HAL_Driver/Src/stm32f4xx_hal_tim.o
                0x00000000080041ee                TIM_DMAError
 .text.TIM_DMADelayPulseCplt
                0x0000000008004280       0xa8 ./Drivers/STM32F4xx_HAL_Driver/Src/stm32f4xx_hal_tim.o
 .text.TIM_DMADelayPulseHalfCplt
                0x0000000008004328       0x68 ./Drivers/STM32F4xx_HAL_Driver/Src/stm32f4xx_hal_tim.o
                0x0000000008004328                TIM_DMADelayPulseHalfCplt
 .text.TIM_Base_SetConfig
                0x0000000008004390      0x158 ./Drivers/STM32F4xx_HAL_Driver/Src/stm32f4xx_hal_tim.o
                0x0000000008004390                TIM_Base_SetConfig
 .text.TIM_OC1_SetConfig
                0x00000000080044e8       0xe0 ./Drivers/STM32F4xx_HAL_Driver/Src/stm32f4xx_hal_tim.o
 .text.TIM_OC2_SetConfig
                0x00000000080045c8       0xec ./Drivers/STM32F4xx_HAL_Driver/Src/stm32f4xx_hal_tim.o
                0x00000000080045c8                TIM_OC2_SetConfig
 .text.TIM_OC3_SetConfig
                0x00000000080046b4       0xe8 ./Drivers/STM32F4xx_HAL_Driver/Src/stm32f4xx_hal_tim.o
 .text.TIM_OC4_SetConfig
                0x000000000800479c       0xac ./Drivers/STM32F4xx_HAL_Driver/Src/stm32f4xx_hal_tim.o
 .text.TIM_TI1_ConfigInputStage
                0x0000000008004848       0x5e ./Drivers/STM32F4xx_HAL_Driver/Src/stm32f4xx_hal_tim.o
 .text.TIM_TI2_ConfigInputStage
                0x00000000080048a6       0x60 ./Drivers/STM32F4xx_HAL_Driver/Src/stm32f4xx_hal_tim.o
 .text.TIM_ITRx_SetConfig
                0x0000000008004906       0x36 ./Drivers/STM32F4xx_HAL_Driver/Src/stm32f4xx_hal_tim.o
 .text.TIM_ETR_SetConfig
                0x000000000800493c       0x40 ./Drivers/STM32F4xx_HAL_Driver/Src/stm32f4xx_hal_tim.o
                0x000000000800493c                TIM_ETR_SetConfig
 .text.TIM_CCxChannelCmd
                0x000000000800497c       0x4a ./Drivers/STM32F4xx_HAL_Driver/Src/stm32f4xx_hal_tim.o
                0x000000000800497c                TIM_CCxChannelCmd
 *fill*         0x00000000080049c6        0x2 
 .text.HAL_TIMEx_MasterConfigSynchronization
                0x00000000080049c8       0xf8 ./Drivers/STM32F4xx_HAL_Driver/Src/stm32f4xx_hal_tim_ex.o
                0x00000000080049c8                HAL_TIMEx_MasterConfigSynchronization
 .text.memset   0x0000000008004ac0       0x10 D:/stm_cubeide/STM32CubeIDE_1.13.2/STM32CubeIDE/plugins/com.st.stm32cube.ide.mcu.externaltools.gnu-tools-for-stm32.11.3.rel1.win32_1.1.1.202309131626/tools/bin/../lib/gcc/arm-none-eabi/11.3.1/../../../../arm-none-eabi/lib/thumb/v7e-m+fp/hard\libc_nano.a(libc_a-memset.o)
                0x0000000008004ac0                memset
 .text.__libc_init_array
                0x0000000008004ad0       0x48 D:/stm_cubeide/STM32CubeIDE_1.13.2/STM32CubeIDE/plugins/com.st.stm32cube.ide.mcu.externaltools.gnu-tools-for-stm32.11.3.rel1.win32_1.1.1.202309131626/tools/bin/../lib/gcc/arm-none-eabi/11.3.1/../../../../arm-none-eabi/lib/thumb/v7e-m+fp/hard\libc_nano.a(libc_a-init.o)
                0x0000000008004ad0                __libc_init_array
 *(.glue_7)
 .glue_7        0x0000000008004b18        0x0 linker stubs
 *(.glue_7t)
 .glue_7t       0x0000000008004b18        0x0 linker stubs
 *(.eh_frame)
 .eh_frame      0x0000000008004b18        0x0 D:/stm_cubeide/STM32CubeIDE_1.13.2/STM32CubeIDE/plugins/com.st.stm32cube.ide.mcu.externaltools.gnu-tools-for-stm32.11.3.rel1.win32_1.1.1.202309131626/tools/bin/../lib/gcc/arm-none-eabi/11.3.1/thumb/v7e-m+fp/hard/crtbegin.o
 *(.init)
 .init          0x0000000008004b18        0x4 D:/stm_cubeide/STM32CubeIDE_1.13.2/STM32CubeIDE/plugins/com.st.stm32cube.ide.mcu.externaltools.gnu-tools-for-stm32.11.3.rel1.win32_1.1.1.202309131626/tools/bin/../lib/gcc/arm-none-eabi/11.3.1/thumb/v7e-m+fp/hard/crti.o
                0x0000000008004b18                _init
 .init          0x0000000008004b1c        0x8 D:/stm_cubeide/STM32CubeIDE_1.13.2/STM32CubeIDE/plugins/com.st.stm32cube.ide.mcu.externaltools.gnu-tools-for-stm32.11.3.rel1.win32_1.1.1.202309131626/tools/bin/../lib/gcc/arm-none-eabi/11.3.1/thumb/v7e-m+fp/hard/crtn.o
 *(.fini)
 .fini          0x0000000008004b24        0x4 D:/stm_cubeide/STM32CubeIDE_1.13.2/STM32CubeIDE/plugins/com.st.stm32cube.ide.mcu.externaltools.gnu-tools-for-stm32.11.3.rel1.win32_1.1.1.202309131626/tools/bin/../lib/gcc/arm-none-eabi/11.3.1/thumb/v7e-m+fp/hard/crti.o
                0x0000000008004b24                _fini
 .fini          0x0000000008004b28        0x8 D:/stm_cubeide/STM32CubeIDE_1.13.2/STM32CubeIDE/plugins/com.st.stm32cube.ide.mcu.externaltools.gnu-tools-for-stm32.11.3.rel1.win32_1.1.1.202309131626/tools/bin/../lib/gcc/arm-none-eabi/11.3.1/thumb/v7e-m+fp/hard/crtn.o
                0x0000000008004b30                . = ALIGN (0x4)
                0x0000000008004b30                _etext = .

.vfp11_veneer   0x0000000008004b30        0x0
 .vfp11_veneer  0x0000000008004b30        0x0 linker stubs

.v4_bx          0x0000000008004b30        0x0
 .v4_bx         0x0000000008004b30        0x0 linker stubs

.iplt           0x0000000008004b30        0x0
 .iplt          0x0000000008004b30        0x0 D:/stm_cubeide/STM32CubeIDE_1.13.2/STM32CubeIDE/plugins/com.st.stm32cube.ide.mcu.externaltools.gnu-tools-for-stm32.11.3.rel1.win32_1.1.1.202309131626/tools/bin/../lib/gcc/arm-none-eabi/11.3.1/thumb/v7e-m+fp/hard/crtbegin.o

.rodata         0x0000000008004b30       0x18
                0x0000000008004b30                . = ALIGN (0x4)
 *(.rodata)
 *(.rodata*)
 .rodata.AHBPrescTable
                0x0000000008004b30       0x10 ./Core/Src/system_stm32f4xx.o
                0x0000000008004b30                AHBPrescTable
 .rodata.flagBitshiftOffset.0
                0x0000000008004b40        0x8 ./Drivers/STM32F4xx_HAL_Driver/Src/stm32f4xx_hal_dma.o
                0x0000000008004b48                . = ALIGN (0x4)

.ARM.extab      0x0000000008004b48        0x0
                0x0000000008004b48                . = ALIGN (0x4)
 *(.ARM.extab* .gnu.linkonce.armextab.*)
                0x0000000008004b48                . = ALIGN (0x4)

.ARM            0x0000000008004b48        0x8
                0x0000000008004b48                . = ALIGN (0x4)
                0x0000000008004b48                __exidx_start = .
 *(.ARM.exidx*)
 .ARM.exidx     0x0000000008004b48        0x8 D:/stm_cubeide/STM32CubeIDE_1.13.2/STM32CubeIDE/plugins/com.st.stm32cube.ide.mcu.externaltools.gnu-tools-for-stm32.11.3.rel1.win32_1.1.1.202309131626/tools/bin/../lib/gcc/arm-none-eabi/11.3.1/thumb/v7e-m+fp/hard\libgcc.a(_udivmoddi4.o)
                0x0000000008004b50                __exidx_end = .
                0x0000000008004b50                . = ALIGN (0x4)

.rel.dyn        0x0000000008004b50        0x0
 .rel.iplt      0x0000000008004b50        0x0 D:/stm_cubeide/STM32CubeIDE_1.13.2/STM32CubeIDE/plugins/com.st.stm32cube.ide.mcu.externaltools.gnu-tools-for-stm32.11.3.rel1.win32_1.1.1.202309131626/tools/bin/../lib/gcc/arm-none-eabi/11.3.1/thumb/v7e-m+fp/hard/crtbegin.o

.preinit_array  0x0000000008004b50        0x0
                0x0000000008004b50                . = ALIGN (0x4)
                0x0000000008004b50                PROVIDE (__preinit_array_start = .)
 *(.preinit_array*)
                0x0000000008004b50                PROVIDE (__preinit_array_end = .)
                0x0000000008004b50                . = ALIGN (0x4)

.init_array     0x0000000008004b50        0x4
                0x0000000008004b50                . = ALIGN (0x4)
                0x0000000008004b50                PROVIDE (__init_array_start = .)
 *(SORT_BY_NAME(.init_array.*))
 *(.init_array*)
 .init_array    0x0000000008004b50        0x4 D:/stm_cubeide/STM32CubeIDE_1.13.2/STM32CubeIDE/plugins/com.st.stm32cube.ide.mcu.externaltools.gnu-tools-for-stm32.11.3.rel1.win32_1.1.1.202309131626/tools/bin/../lib/gcc/arm-none-eabi/11.3.1/thumb/v7e-m+fp/hard/crtbegin.o
                0x0000000008004b54                PROVIDE (__init_array_end = .)
                0x0000000008004b54                . = ALIGN (0x4)

.fini_array     0x0000000008004b54        0x4
                0x0000000008004b54                . = ALIGN (0x4)
                [!provide]                        PROVIDE (__fini_array_start = .)
 *(SORT_BY_NAME(.fini_array.*))
 *(.fini_array*)
 .fini_array    0x0000000008004b54        0x4 D:/stm_cubeide/STM32CubeIDE_1.13.2/STM32CubeIDE/plugins/com.st.stm32cube.ide.mcu.externaltools.gnu-tools-for-stm32.11.3.rel1.win32_1.1.1.202309131626/tools/bin/../lib/gcc/arm-none-eabi/11.3.1/thumb/v7e-m+fp/hard/crtbegin.o
                [!provide]                        PROVIDE (__fini_array_end = .)
                0x0000000008004b58                . = ALIGN (0x4)
                0x0000000008004b58                _sidata = LOADADDR (.data)

.data           0x0000000020000000        0xc load address 0x0000000008004b58
                0x0000000020000000                . = ALIGN (0x4)
                0x0000000020000000                _sdata = .
 *(.data)
 *(.data*)
 .data.SystemCoreClock
                0x0000000020000000        0x4 ./Core/Src/system_stm32f4xx.o
                0x0000000020000000                SystemCoreClock
 .data.uwTickPrio
                0x0000000020000004        0x4 ./Drivers/STM32F4xx_HAL_Driver/Src/stm32f4xx_hal.o
                0x0000000020000004                uwTickPrio
 .data.uwTickFreq
                0x0000000020000008        0x1 ./Drivers/STM32F4xx_HAL_Driver/Src/stm32f4xx_hal.o
                0x0000000020000008                uwTickFreq
 *(.RamFunc)
 *(.RamFunc*)
                0x000000002000000c                . = ALIGN (0x4)
 *fill*         0x0000000020000009        0x3 
                0x000000002000000c                _edata = .
                0x0000000008004b64                _siccmram = LOADADDR (.ccmram)

.igot.plt       0x000000002000000c        0x0 load address 0x0000000008004b64
 .igot.plt      0x000000002000000c        0x0 D:/stm_cubeide/STM32CubeIDE_1.13.2/STM32CubeIDE/plugins/com.st.stm32cube.ide.mcu.externaltools.gnu-tools-for-stm32.11.3.rel1.win32_1.1.1.202309131626/tools/bin/../lib/gcc/arm-none-eabi/11.3.1/thumb/v7e-m+fp/hard/crtbegin.o

.ccmram         0x0000000010000000        0x0 load address 0x0000000008004b64
                0x0000000010000000                . = ALIGN (0x4)
                0x0000000010000000                _sccmram = .
 *(.ccmram)
 *(.ccmram*)
                0x0000000010000000                . = ALIGN (0x4)
                0x0000000010000000                _eccmram = .
                0x0000000010000000                . = ALIGN (0x4)

.bss            0x000000002000000c      0x1a0
                0x000000002000000c                _sbss = .
                0x000000002000000c                __bss_start__ = _sbss
 *(.bss)
 .bss           0x000000002000000c       0x1c D:/stm_cubeide/STM32CubeIDE_1.13.2/STM32CubeIDE/plugins/com.st.stm32cube.ide.mcu.externaltools.gnu-tools-for-stm32.11.3.rel1.win32_1.1.1.202309131626/tools/bin/../lib/gcc/arm-none-eabi/11.3.1/thumb/v7e-m+fp/hard/crtbegin.o
 *(.bss*)
 .bss.hadc1     0x0000000020000028       0x48 ./Core/Src/main.o
                0x0000000020000028                hadc1
 .bss.hcan1     0x0000000020000070       0x28 ./Core/Src/main.o
                0x0000000020000070                hcan1
 .bss.htim4     0x0000000020000098       0x48 ./Core/Src/main.o
                0x0000000020000098                htim4
 .bss.hdma_tim4_ch1
                0x00000000200000e0       0x60 ./Core/Src/main.o
                0x00000000200000e0                hdma_tim4_ch1
 .bss.hdma_tim4_ch2
                0x0000000020000140       0x60 ./Core/Src/main.o
                0x0000000020000140                hdma_tim4_ch2
 .bss.Left_Motor_Speed
                0x00000000200001a0        0x2 ./Core/Src/main.o
                0x00000000200001a0                Left_Motor_Speed
 .bss.Right_Motor_Speed
                0x00000000200001a2        0x2 ./Core/Src/main.o
                0x00000000200001a2                Right_Motor_Speed
 .bss.adc_convert_complete
                0x00000000200001a4        0x1 ./Core/Src/main.o
                0x00000000200001a4                adc_convert_complete
 .bss.Can_Transmission_Flag
                0x00000000200001a5        0x1 ./Core/Src/main.o
                0x00000000200001a5                Can_Transmission_Flag
 *fill*         0x00000000200001a6        0x2 
 .bss.uwTick    0x00000000200001a8        0x4 ./Drivers/STM32F4xx_HAL_Driver/Src/stm32f4xx_hal.o
                0x00000000200001a8                uwTick
 *(COMMON)
                0x00000000200001ac                . = ALIGN (0x4)
                0x00000000200001ac                _ebss = .
                0x00000000200001ac                __bss_end__ = _ebss

._user_heap_stack
                0x00000000200001ac      0x604
                0x00000000200001b0                . = ALIGN (0x8)
 *fill*         0x00000000200001ac        0x4 
                [!provide]                        PROVIDE (end = .)
                0x00000000200001b0                PROVIDE (_end = .)
                0x00000000200003b0                . = (. + _Min_Heap_Size)
 *fill*         0x00000000200001b0      0x200 
                0x00000000200007b0                . = (. + _Min_Stack_Size)
 *fill*         0x00000000200003b0      0x400 
                0x00000000200007b0                . = ALIGN (0x8)

/DISCARD/
 libc.a(*)
 libm.a(*)
 libgcc.a(*)

.ARM.attributes
                0x0000000000000000       0x30
 *(.ARM.attributes)
 .ARM.attributes
                0x0000000000000000       0x1e D:/stm_cubeide/STM32CubeIDE_1.13.2/STM32CubeIDE/plugins/com.st.stm32cube.ide.mcu.externaltools.gnu-tools-for-stm32.11.3.rel1.win32_1.1.1.202309131626/tools/bin/../lib/gcc/arm-none-eabi/11.3.1/thumb/v7e-m+fp/hard/crti.o
 .ARM.attributes
                0x000000000000001e       0x34 D:/stm_cubeide/STM32CubeIDE_1.13.2/STM32CubeIDE/plugins/com.st.stm32cube.ide.mcu.externaltools.gnu-tools-for-stm32.11.3.rel1.win32_1.1.1.202309131626/tools/bin/../lib/gcc/arm-none-eabi/11.3.1/thumb/v7e-m+fp/hard/crtbegin.o
 .ARM.attributes
                0x0000000000000052       0x34 ./Core/Src/main.o
 .ARM.attributes
                0x0000000000000086       0x34 ./Core/Src/stm32f4xx_hal_msp.o
 .ARM.attributes
                0x00000000000000ba       0x34 ./Core/Src/stm32f4xx_it.o
 .ARM.attributes
                0x00000000000000ee       0x34 ./Core/Src/system_stm32f4xx.o
 .ARM.attributes
                0x0000000000000122       0x21 ./Core/Startup/startup_stm32f407vgtx.o
 .ARM.attributes
                0x0000000000000143       0x34 ./Drivers/STM32F4xx_HAL_Driver/Src/stm32f4xx_hal.o
 .ARM.attributes
                0x0000000000000177       0x34 ./Drivers/STM32F4xx_HAL_Driver/Src/stm32f4xx_hal_adc.o
 .ARM.attributes
                0x00000000000001ab       0x34 ./Drivers/STM32F4xx_HAL_Driver/Src/stm32f4xx_hal_adc_ex.o
 .ARM.attributes
                0x00000000000001df       0x34 ./Drivers/STM32F4xx_HAL_Driver/Src/stm32f4xx_hal_can.o
 .ARM.attributes
                0x0000000000000213       0x34 ./Drivers/STM32F4xx_HAL_Driver/Src/stm32f4xx_hal_cortex.o
 .ARM.attributes
                0x0000000000000247       0x34 ./Drivers/STM32F4xx_HAL_Driver/Src/stm32f4xx_hal_dma.o
 .ARM.attributes
                0x000000000000027b       0x34 ./Drivers/STM32F4xx_HAL_Driver/Src/stm32f4xx_hal_gpio.o
 .ARM.attributes
                0x00000000000002af       0x34 ./Drivers/STM32F4xx_HAL_Driver/Src/stm32f4xx_hal_rcc.o
 .ARM.attributes
                0x00000000000002e3       0x34 ./Drivers/STM32F4xx_HAL_Driver/Src/stm32f4xx_hal_tim.o
 .ARM.attributes
                0x0000000000000317       0x34 ./Drivers/STM32F4xx_HAL_Driver/Src/stm32f4xx_hal_tim_ex.o
 .ARM.attributes
                0x000000000000034b       0x34 D:/stm_cubeide/STM32CubeIDE_1.13.2/STM32CubeIDE/plugins/com.st.stm32cube.ide.mcu.externaltools.gnu-tools-for-stm32.11.3.rel1.win32_1.1.1.202309131626/tools/bin/../lib/gcc/arm-none-eabi/11.3.1/../../../../arm-none-eabi/lib/thumb/v7e-m+fp/hard\libc_nano.a(libc_a-memset.o)
 .ARM.attributes
                0x000000000000037f       0x34 D:/stm_cubeide/STM32CubeIDE_1.13.2/STM32CubeIDE/plugins/com.st.stm32cube.ide.mcu.externaltools.gnu-tools-for-stm32.11.3.rel1.win32_1.1.1.202309131626/tools/bin/../lib/gcc/arm-none-eabi/11.3.1/../../../../arm-none-eabi/lib/thumb/v7e-m+fp/hard\libc_nano.a(libc_a-init.o)
 .ARM.attributes
                0x00000000000003b3       0x1e D:/stm_cubeide/STM32CubeIDE_1.13.2/STM32CubeIDE/plugins/com.st.stm32cube.ide.mcu.externaltools.gnu-tools-for-stm32.11.3.rel1.win32_1.1.1.202309131626/tools/bin/../lib/gcc/arm-none-eabi/11.3.1/thumb/v7e-m+fp/hard\libgcc.a(_aeabi_uldivmod.o)
 .ARM.attributes
                0x00000000000003d1       0x34 D:/stm_cubeide/STM32CubeIDE_1.13.2/STM32CubeIDE/plugins/com.st.stm32cube.ide.mcu.externaltools.gnu-tools-for-stm32.11.3.rel1.win32_1.1.1.202309131626/tools/bin/../lib/gcc/arm-none-eabi/11.3.1/thumb/v7e-m+fp/hard\libgcc.a(_udivmoddi4.o)
 .ARM.attributes
                0x0000000000000405       0x1e D:/stm_cubeide/STM32CubeIDE_1.13.2/STM32CubeIDE/plugins/com.st.stm32cube.ide.mcu.externaltools.gnu-tools-for-stm32.11.3.rel1.win32_1.1.1.202309131626/tools/bin/../lib/gcc/arm-none-eabi/11.3.1/thumb/v7e-m+fp/hard\libgcc.a(_dvmd_tls.o)
 .ARM.attributes
                0x0000000000000423       0x1e D:/stm_cubeide/STM32CubeIDE_1.13.2/STM32CubeIDE/plugins/com.st.stm32cube.ide.mcu.externaltools.gnu-tools-for-stm32.11.3.rel1.win32_1.1.1.202309131626/tools/bin/../lib/gcc/arm-none-eabi/11.3.1/thumb/v7e-m+fp/hard/crtn.o
OUTPUT(Ventillateur.elf elf32-littlearm)
LOAD linker stubs
LOAD D:/stm_cubeide/STM32CubeIDE_1.13.2/STM32CubeIDE/plugins/com.st.stm32cube.ide.mcu.externaltools.gnu-tools-for-stm32.11.3.rel1.win32_1.1.1.202309131626/tools/bin/../lib/gcc/arm-none-eabi/11.3.1/../../../../arm-none-eabi/lib/thumb/v7e-m+fp/hard\libc.a
LOAD D:/stm_cubeide/STM32CubeIDE_1.13.2/STM32CubeIDE/plugins/com.st.stm32cube.ide.mcu.externaltools.gnu-tools-for-stm32.11.3.rel1.win32_1.1.1.202309131626/tools/bin/../lib/gcc/arm-none-eabi/11.3.1/../../../../arm-none-eabi/lib/thumb/v7e-m+fp/hard\libm.a
LOAD D:/stm_cubeide/STM32CubeIDE_1.13.2/STM32CubeIDE/plugins/com.st.stm32cube.ide.mcu.externaltools.gnu-tools-for-stm32.11.3.rel1.win32_1.1.1.202309131626/tools/bin/../lib/gcc/arm-none-eabi/11.3.1/thumb/v7e-m+fp/hard\libgcc.a

.comment        0x0000000000000000       0x43
 .comment       0x0000000000000000       0x43 D:/stm_cubeide/STM32CubeIDE_1.13.2/STM32CubeIDE/plugins/com.st.stm32cube.ide.mcu.externaltools.gnu-tools-for-stm32.11.3.rel1.win32_1.1.1.202309131626/tools/bin/../lib/gcc/arm-none-eabi/11.3.1/thumb/v7e-m+fp/hard/crtbegin.o
                                         0x44 (size before relaxing)
 .comment       0x0000000000000043       0x44 ./Core/Src/main.o
 .comment       0x0000000000000043       0x44 ./Core/Src/stm32f4xx_hal_msp.o
 .comment       0x0000000000000043       0x44 ./Core/Src/stm32f4xx_it.o
 .comment       0x0000000000000043       0x44 ./Core/Src/system_stm32f4xx.o
 .comment       0x0000000000000043       0x44 ./Drivers/STM32F4xx_HAL_Driver/Src/stm32f4xx_hal.o
 .comment       0x0000000000000043       0x44 ./Drivers/STM32F4xx_HAL_Driver/Src/stm32f4xx_hal_adc.o
 .comment       0x0000000000000043       0x44 ./Drivers/STM32F4xx_HAL_Driver/Src/stm32f4xx_hal_adc_ex.o
 .comment       0x0000000000000043       0x44 ./Drivers/STM32F4xx_HAL_Driver/Src/stm32f4xx_hal_can.o
 .comment       0x0000000000000043       0x44 ./Drivers/STM32F4xx_HAL_Driver/Src/stm32f4xx_hal_cortex.o
 .comment       0x0000000000000043       0x44 ./Drivers/STM32F4xx_HAL_Driver/Src/stm32f4xx_hal_dma.o
 .comment       0x0000000000000043       0x44 ./Drivers/STM32F4xx_HAL_Driver/Src/stm32f4xx_hal_gpio.o
 .comment       0x0000000000000043       0x44 ./Drivers/STM32F4xx_HAL_Driver/Src/stm32f4xx_hal_rcc.o
 .comment       0x0000000000000043       0x44 ./Drivers/STM32F4xx_HAL_Driver/Src/stm32f4xx_hal_tim.o
 .comment       0x0000000000000043       0x44 ./Drivers/STM32F4xx_HAL_Driver/Src/stm32f4xx_hal_tim_ex.o

.debug_info     0x0000000000000000     0xd636
 .debug_info    0x0000000000000000     0x1d9b ./Core/Src/main.o
 .debug_info    0x0000000000001d9b     0x1440 ./Core/Src/stm32f4xx_hal_msp.o
 .debug_info    0x00000000000031db      0xa42 ./Core/Src/stm32f4xx_it.o
 .debug_info    0x0000000000003c1d      0x512 ./Core/Src/system_stm32f4xx.o
 .debug_info    0x000000000000412f       0x23 ./Core/Startup/startup_stm32f407vgtx.o
 .debug_info    0x0000000000004152      0x944 ./Drivers/STM32F4xx_HAL_Driver/Src/stm32f4xx_hal.o
 .debug_info    0x0000000000004a96      0xcd4 ./Drivers/STM32F4xx_HAL_Driver/Src/stm32f4xx_hal_adc.o
 .debug_info    0x000000000000576a      0xb59 ./Drivers/STM32F4xx_HAL_Driver/Src/stm32f4xx_hal_adc_ex.o
 .debug_info    0x00000000000062c3      0xf49 ./Drivers/STM32F4xx_HAL_Driver/Src/stm32f4xx_hal_can.o
 .debug_info    0x000000000000720c      0xd57 ./Drivers/STM32F4xx_HAL_Driver/Src/stm32f4xx_hal_cortex.o
 .debug_info    0x0000000000007f63      0x8e7 ./Drivers/STM32F4xx_HAL_Driver/Src/stm32f4xx_hal_dma.o
 .debug_info    0x000000000000884a      0x6c3 ./Drivers/STM32F4xx_HAL_Driver/Src/stm32f4xx_hal_gpio.o
 .debug_info    0x0000000000008f0d      0x8b1 ./Drivers/STM32F4xx_HAL_Driver/Src/stm32f4xx_hal_rcc.o
 .debug_info    0x00000000000097be     0x299d ./Drivers/STM32F4xx_HAL_Driver/Src/stm32f4xx_hal_tim.o
 .debug_info    0x000000000000c15b     0x14db ./Drivers/STM32F4xx_HAL_Driver/Src/stm32f4xx_hal_tim_ex.o

.debug_abbrev   0x0000000000000000     0x20d2
 .debug_abbrev  0x0000000000000000      0x300 ./Core/Src/main.o
 .debug_abbrev  0x0000000000000300      0x28a ./Core/Src/stm32f4xx_hal_msp.o
 .debug_abbrev  0x000000000000058a      0x1dd ./Core/Src/stm32f4xx_it.o
 .debug_abbrev  0x0000000000000767      0x11a ./Core/Src/system_stm32f4xx.o
 .debug_abbrev  0x0000000000000881       0x12 ./Core/Startup/startup_stm32f407vgtx.o
 .debug_abbrev  0x0000000000000893      0x214 ./Drivers/STM32F4xx_HAL_Driver/Src/stm32f4xx_hal.o
 .debug_abbrev  0x0000000000000aa7      0x252 ./Drivers/STM32F4xx_HAL_Driver/Src/stm32f4xx_hal_adc.o
 .debug_abbrev  0x0000000000000cf9      0x270 ./Drivers/STM32F4xx_HAL_Driver/Src/stm32f4xx_hal_adc_ex.o
 .debug_abbrev  0x0000000000000f69      0x258 ./Drivers/STM32F4xx_HAL_Driver/Src/stm32f4xx_hal_can.o
 .debug_abbrev  0x00000000000011c1      0x328 ./Drivers/STM32F4xx_HAL_Driver/Src/stm32f4xx_hal_cortex.o
 .debug_abbrev  0x00000000000014e9      0x264 ./Drivers/STM32F4xx_HAL_Driver/Src/stm32f4xx_hal_dma.o
 .debug_abbrev  0x000000000000174d      0x1d4 ./Drivers/STM32F4xx_HAL_Driver/Src/stm32f4xx_hal_gpio.o
 .debug_abbrev  0x0000000000001921      0x2b6 ./Drivers/STM32F4xx_HAL_Driver/Src/stm32f4xx_hal_rcc.o
 .debug_abbrev  0x0000000000001bd7      0x278 ./Drivers/STM32F4xx_HAL_Driver/Src/stm32f4xx_hal_tim.o
 .debug_abbrev  0x0000000000001e4f      0x283 ./Drivers/STM32F4xx_HAL_Driver/Src/stm32f4xx_hal_tim_ex.o

.debug_aranges  0x0000000000000000      0xd58
 .debug_aranges
                0x0000000000000000       0xb8 ./Core/Src/main.o
 .debug_aranges
                0x00000000000000b8       0x58 ./Core/Src/stm32f4xx_hal_msp.o
 .debug_aranges
                0x0000000000000110       0x90 ./Core/Src/stm32f4xx_it.o
 .debug_aranges
                0x00000000000001a0       0x28 ./Core/Src/system_stm32f4xx.o
 .debug_aranges
                0x00000000000001c8       0x28 ./Core/Startup/startup_stm32f407vgtx.o
 .debug_aranges
                0x00000000000001f0       0xf0 ./Drivers/STM32F4xx_HAL_Driver/Src/stm32f4xx_hal.o
 .debug_aranges
                0x00000000000002e0       0xe8 ./Drivers/STM32F4xx_HAL_Driver/Src/stm32f4xx_hal_adc.o
 .debug_aranges
                0x00000000000003c8       0x90 ./Drivers/STM32F4xx_HAL_Driver/Src/stm32f4xx_hal_adc_ex.o
 .debug_aranges
                0x0000000000000458      0x138 ./Drivers/STM32F4xx_HAL_Driver/Src/stm32f4xx_hal_can.o
 .debug_aranges
                0x0000000000000590      0x120 ./Drivers/STM32F4xx_HAL_Driver/Src/stm32f4xx_hal_cortex.o
 .debug_aranges
                0x00000000000006b0       0x90 ./Drivers/STM32F4xx_HAL_Driver/Src/stm32f4xx_hal_dma.o
 .debug_aranges
                0x0000000000000740       0x58 ./Drivers/STM32F4xx_HAL_Driver/Src/stm32f4xx_hal_gpio.o
 .debug_aranges
                0x0000000000000798       0x88 ./Drivers/STM32F4xx_HAL_Driver/Src/stm32f4xx_hal_rcc.o
 .debug_aranges
                0x0000000000000820      0x3d0 ./Drivers/STM32F4xx_HAL_Driver/Src/stm32f4xx_hal_tim.o
 .debug_aranges
                0x0000000000000bf0      0x168 ./Drivers/STM32F4xx_HAL_Driver/Src/stm32f4xx_hal_tim_ex.o

.debug_rnglists
                0x0000000000000000      0xa4f
 .debug_rnglists
                0x0000000000000000       0x8a ./Core/Src/main.o
 .debug_rnglists
                0x000000000000008a       0x40 ./Core/Src/stm32f4xx_hal_msp.o
 .debug_rnglists
                0x00000000000000ca       0x67 ./Core/Src/stm32f4xx_it.o
 .debug_rnglists
                0x0000000000000131       0x1a ./Core/Src/system_stm32f4xx.o
 .debug_rnglists
                0x000000000000014b       0x19 ./Core/Startup/startup_stm32f407vgtx.o
 .debug_rnglists
                0x0000000000000164       0xaf ./Drivers/STM32F4xx_HAL_Driver/Src/stm32f4xx_hal.o
 .debug_rnglists
                0x0000000000000213       0xb5 ./Drivers/STM32F4xx_HAL_Driver/Src/stm32f4xx_hal_adc.o
 .debug_rnglists
                0x00000000000002c8       0x71 ./Drivers/STM32F4xx_HAL_Driver/Src/stm32f4xx_hal_adc_ex.o
 .debug_rnglists
                0x0000000000000339       0xee ./Drivers/STM32F4xx_HAL_Driver/Src/stm32f4xx_hal_can.o
 .debug_rnglists
                0x0000000000000427       0xd4 ./Drivers/STM32F4xx_HAL_Driver/Src/stm32f4xx_hal_cortex.o
 .debug_rnglists
                0x00000000000004fb       0x70 ./Drivers/STM32F4xx_HAL_Driver/Src/stm32f4xx_hal_dma.o
 .debug_rnglists
                0x000000000000056b       0x3f ./Drivers/STM32F4xx_HAL_Driver/Src/stm32f4xx_hal_gpio.o
 .debug_rnglists
                0x00000000000005aa       0x66 ./Drivers/STM32F4xx_HAL_Driver/Src/stm32f4xx_hal_rcc.o
 .debug_rnglists
                0x0000000000000610      0x31a ./Drivers/STM32F4xx_HAL_Driver/Src/stm32f4xx_hal_tim.o
 .debug_rnglists
                0x000000000000092a      0x125 ./Drivers/STM32F4xx_HAL_Driver/Src/stm32f4xx_hal_tim_ex.o

.debug_macro    0x0000000000000000    0x21aec
 .debug_macro   0x0000000000000000      0x223 ./Core/Src/main.o
 .debug_macro   0x0000000000000223      0xaa8 ./Core/Src/main.o
 .debug_macro   0x0000000000000ccb      0x2a1 ./Core/Src/main.o
 .debug_macro   0x0000000000000f6c       0x2e ./Core/Src/main.o
 .debug_macro   0x0000000000000f9a       0x2f ./Core/Src/main.o
 .debug_macro   0x0000000000000fc9       0x22 ./Core/Src/main.o
 .debug_macro   0x0000000000000feb       0x8e ./Core/Src/main.o
 .debug_macro   0x0000000000001079       0x51 ./Core/Src/main.o
 .debug_macro   0x00000000000010ca      0x103 ./Core/Src/main.o
 .debug_macro   0x00000000000011cd       0x6a ./Core/Src/main.o
 .debug_macro   0x0000000000001237      0x1df ./Core/Src/main.o
 .debug_macro   0x0000000000001416       0x1c ./Core/Src/main.o
 .debug_macro   0x0000000000001432       0x22 ./Core/Src/main.o
 .debug_macro   0x0000000000001454       0xfb ./Core/Src/main.o
 .debug_macro   0x000000000000154f     0x1011 ./Core/Src/main.o
 .debug_macro   0x0000000000002560      0x11f ./Core/Src/main.o
 .debug_macro   0x000000000000267f    0x15e97 ./Core/Src/main.o
 .debug_macro   0x0000000000018516       0x6d ./Core/Src/main.o
 .debug_macro   0x0000000000018583     0x368c ./Core/Src/main.o
 .debug_macro   0x000000000001bc0f      0x174 ./Core/Src/main.o
 .debug_macro   0x000000000001bd83       0x5c ./Core/Src/main.o
 .debug_macro   0x000000000001bddf      0x980 ./Core/Src/main.o
 .debug_macro   0x000000000001c75f      0x9e9 ./Core/Src/main.o
 .debug_macro   0x000000000001d148      0x115 ./Core/Src/main.o
 .debug_macro   0x000000000001d25d      0x13e ./Core/Src/main.o
 .debug_macro   0x000000000001d39b       0xa5 ./Core/Src/main.o
 .debug_macro   0x000000000001d440      0x174 ./Core/Src/main.o
 .debug_macro   0x000000000001d5b4      0x287 ./Core/Src/main.o
 .debug_macro   0x000000000001d83b       0x5f ./Core/Src/main.o
 .debug_macro   0x000000000001d89a      0x236 ./Core/Src/main.o
 .debug_macro   0x000000000001dad0      0xb5b ./Core/Src/main.o
 .debug_macro   0x000000000001e62b      0x38b ./Core/Src/main.o
 .debug_macro   0x000000000001e9b6      0x176 ./Core/Src/main.o
 .debug_macro   0x000000000001eb2c       0xf9 ./Core/Src/main.o
 .debug_macro   0x000000000001ec25      0x40f ./Core/Src/main.o
 .debug_macro   0x000000000001f034      0x12c ./Core/Src/main.o
 .debug_macro   0x000000000001f160      0x21e ./Core/Src/main.o
 .debug_macro   0x000000000001f37e       0x2e ./Core/Src/main.o
 .debug_macro   0x000000000001f3ac      0x127 ./Core/Src/main.o
 .debug_macro   0x000000000001f4d3       0x7e ./Core/Src/main.o
 .debug_macro   0x000000000001f551       0x89 ./Core/Src/main.o
 .debug_macro   0x000000000001f5da      0x8ed ./Core/Src/main.o
 .debug_macro   0x000000000001fec7       0x4d ./Core/Src/main.o
 .debug_macro   0x000000000001ff14      0x12d ./Core/Src/main.o
 .debug_macro   0x0000000000020041       0x64 ./Core/Src/main.o
 .debug_macro   0x00000000000200a5      0x205 ./Core/Src/stm32f4xx_hal_msp.o
 .debug_macro   0x00000000000202aa      0x20f ./Core/Src/stm32f4xx_it.o
 .debug_macro   0x00000000000204b9      0x1f6 ./Core/Src/system_stm32f4xx.o
 .debug_macro   0x00000000000206af      0x256 ./Drivers/STM32F4xx_HAL_Driver/Src/stm32f4xx_hal.o
 .debug_macro   0x0000000000020905      0x1f7 ./Drivers/STM32F4xx_HAL_Driver/Src/stm32f4xx_hal_adc.o
 .debug_macro   0x0000000000020afc      0x1f6 ./Drivers/STM32F4xx_HAL_Driver/Src/stm32f4xx_hal_adc_ex.o
 .debug_macro   0x0000000000020cf2      0x205 ./Drivers/STM32F4xx_HAL_Driver/Src/stm32f4xx_hal_can.o
 .debug_macro   0x0000000000020ef7      0x1f6 ./Drivers/STM32F4xx_HAL_Driver/Src/stm32f4xx_hal_cortex.o
 .debug_macro   0x00000000000210ed      0x1fc ./Drivers/STM32F4xx_HAL_Driver/Src/stm32f4xx_hal_dma.o
 .debug_macro   0x00000000000212e9      0x1fc ./Drivers/STM32F4xx_HAL_Driver/Src/stm32f4xx_hal_gpio.o
 .debug_macro   0x00000000000214e5      0x21a ./Drivers/STM32F4xx_HAL_Driver/Src/stm32f4xx_hal_rcc.o
 .debug_macro   0x00000000000216ff      0x1f7 ./Drivers/STM32F4xx_HAL_Driver/Src/stm32f4xx_hal_tim.o
 .debug_macro   0x00000000000218f6      0x1f6 ./Drivers/STM32F4xx_HAL_Driver/Src/stm32f4xx_hal_tim_ex.o

.debug_line     0x0000000000000000     0xed7c
 .debug_line    0x0000000000000000      0xbdc ./Core/Src/main.o
 .debug_line    0x0000000000000bdc      0x8d6 ./Core/Src/stm32f4xx_hal_msp.o
 .debug_line    0x00000000000014b2      0x8d3 ./Core/Src/stm32f4xx_it.o
 .debug_line    0x0000000000001d85      0x802 ./Core/Src/system_stm32f4xx.o
 .debug_line    0x0000000000002587       0x7a ./Core/Startup/startup_stm32f407vgtx.o
 .debug_line    0x0000000000002601      0xa68 ./Drivers/STM32F4xx_HAL_Driver/Src/stm32f4xx_hal.o
 .debug_line    0x0000000000003069     0x12e8 ./Drivers/STM32F4xx_HAL_Driver/Src/stm32f4xx_hal_adc.o
 .debug_line    0x0000000000004351      0xf37 ./Drivers/STM32F4xx_HAL_Driver/Src/stm32f4xx_hal_adc_ex.o
 .debug_line    0x0000000000005288     0x11df ./Drivers/STM32F4xx_HAL_Driver/Src/stm32f4xx_hal_can.o
 .debug_line    0x0000000000006467      0xd34 ./Drivers/STM32F4xx_HAL_Driver/Src/stm32f4xx_hal_cortex.o
 .debug_line    0x000000000000719b      0xfcc ./Drivers/STM32F4xx_HAL_Driver/Src/stm32f4xx_hal_dma.o
 .debug_line    0x0000000000008167      0xbdc ./Drivers/STM32F4xx_HAL_Driver/Src/stm32f4xx_hal_gpio.o
 .debug_line    0x0000000000008d43      0xde1 ./Drivers/STM32F4xx_HAL_Driver/Src/stm32f4xx_hal_rcc.o
 .debug_line    0x0000000000009b24     0x37f4 ./Drivers/STM32F4xx_HAL_Driver/Src/stm32f4xx_hal_tim.o
 .debug_line    0x000000000000d318     0x1a64 ./Drivers/STM32F4xx_HAL_Driver/Src/stm32f4xx_hal_tim_ex.o

.debug_str      0x0000000000000000    0xd483a
 .debug_str     0x0000000000000000    0xd1ab8 ./Core/Src/main.o
                                      0xd1e9b (size before relaxing)
 .debug_str     0x00000000000d1ab8      0x108 ./Core/Src/stm32f4xx_hal_msp.o
                                      0xd17a7 (size before relaxing)
 .debug_str     0x00000000000d1bc0      0x16d ./Core/Src/stm32f4xx_it.o
                                      0xd0e75 (size before relaxing)
 .debug_str     0x00000000000d1d2d       0xdb ./Core/Src/system_stm32f4xx.o
                                      0xd06f4 (size before relaxing)
 .debug_str     0x00000000000d1e08       0x34 ./Core/Startup/startup_stm32f407vgtx.o
                                         0x66 (size before relaxing)
 .debug_str     0x00000000000d1e3c      0x5f0 ./Drivers/STM32F4xx_HAL_Driver/Src/stm32f4xx_hal.o
                                      0xd1278 (size before relaxing)
 .debug_str     0x00000000000d242c      0x275 ./Drivers/STM32F4xx_HAL_Driver/Src/stm32f4xx_hal_adc.o
                                      0xd0ce1 (size before relaxing)
 .debug_str     0x00000000000d26a1      0x2df ./Drivers/STM32F4xx_HAL_Driver/Src/stm32f4xx_hal_adc_ex.o
                                      0xd0d35 (size before relaxing)
 .debug_str     0x00000000000d2980      0x37c ./Drivers/STM32F4xx_HAL_Driver/Src/stm32f4xx_hal_can.o
                                      0xd0dee (size before relaxing)
 .debug_str     0x00000000000d2cfc      0x338 ./Drivers/STM32F4xx_HAL_Driver/Src/stm32f4xx_hal_cortex.o
                                      0xd0fc2 (size before relaxing)
 .debug_str     0x00000000000d3034      0x2cf ./Drivers/STM32F4xx_HAL_Driver/Src/stm32f4xx_hal_dma.o
                                      0xd0b0e (size before relaxing)
 .debug_str     0x00000000000d3303      0x121 ./Drivers/STM32F4xx_HAL_Driver/Src/stm32f4xx_hal_gpio.o
                                      0xd086f (size before relaxing)
 .debug_str     0x00000000000d3424      0x233 ./Drivers/STM32F4xx_HAL_Driver/Src/stm32f4xx_hal_rcc.o
                                      0xd0b28 (size before relaxing)
 .debug_str     0x00000000000d3657      0xd50 ./Drivers/STM32F4xx_HAL_Driver/Src/stm32f4xx_hal_tim.o
                                      0xd1a7e (size before relaxing)
 .debug_str     0x00000000000d43a7      0x493 ./Drivers/STM32F4xx_HAL_Driver/Src/stm32f4xx_hal_tim_ex.o
                                      0xd128a (size before relaxing)

.debug_frame    0x0000000000000000     0x385c
 .debug_frame   0x0000000000000000      0x2dc ./Core/Src/main.o
 .debug_frame   0x00000000000002dc      0x130 ./Core/Src/stm32f4xx_hal_msp.o
 .debug_frame   0x000000000000040c      0x1ac ./Core/Src/stm32f4xx_it.o
 .debug_frame   0x00000000000005b8       0x58 ./Core/Src/system_stm32f4xx.o
 .debug_frame   0x0000000000000610      0x374 ./Drivers/STM32F4xx_HAL_Driver/Src/stm32f4xx_hal.o
 .debug_frame   0x0000000000000984      0x3fc ./Drivers/STM32F4xx_HAL_Driver/Src/stm32f4xx_hal_adc.o
 .debug_frame   0x0000000000000d80      0x250 ./Drivers/STM32F4xx_HAL_Driver/Src/stm32f4xx_hal_adc_ex.o
 .debug_frame   0x0000000000000fd0      0x5a0 ./Drivers/STM32F4xx_HAL_Driver/Src/stm32f4xx_hal_can.o
 .debug_frame   0x0000000000001570      0x4b8 ./Drivers/STM32F4xx_HAL_Driver/Src/stm32f4xx_hal_cortex.o
 .debug_frame   0x0000000000001a28      0x250 ./Drivers/STM32F4xx_HAL_Driver/Src/stm32f4xx_hal_dma.o
 .debug_frame   0x0000000000001c78      0x14c ./Drivers/STM32F4xx_HAL_Driver/Src/stm32f4xx_hal_gpio.o
 .debug_frame   0x0000000000001dc4      0x1f4 ./Drivers/STM32F4xx_HAL_Driver/Src/stm32f4xx_hal_rcc.o
 .debug_frame   0x0000000000001fb8     0x11c0 ./Drivers/STM32F4xx_HAL_Driver/Src/stm32f4xx_hal_tim.o
 .debug_frame   0x0000000000003178      0x638 ./Drivers/STM32F4xx_HAL_Driver/Src/stm32f4xx_hal_tim_ex.o
 .debug_frame   0x00000000000037b0       0x20 D:/stm_cubeide/STM32CubeIDE_1.13.2/STM32CubeIDE/plugins/com.st.stm32cube.ide.mcu.externaltools.gnu-tools-for-stm32.11.3.rel1.win32_1.1.1.202309131626/tools/bin/../lib/gcc/arm-none-eabi/11.3.1/../../../../arm-none-eabi/lib/thumb/v7e-m+fp/hard\libc_nano.a(libc_a-memset.o)
 .debug_frame   0x00000000000037d0       0x2c D:/stm_cubeide/STM32CubeIDE_1.13.2/STM32CubeIDE/plugins/com.st.stm32cube.ide.mcu.externaltools.gnu-tools-for-stm32.11.3.rel1.win32_1.1.1.202309131626/tools/bin/../lib/gcc/arm-none-eabi/11.3.1/../../../../arm-none-eabi/lib/thumb/v7e-m+fp/hard\libc_nano.a(libc_a-init.o)
 .debug_frame   0x00000000000037fc       0x2c D:/stm_cubeide/STM32CubeIDE_1.13.2/STM32CubeIDE/plugins/com.st.stm32cube.ide.mcu.externaltools.gnu-tools-for-stm32.11.3.rel1.win32_1.1.1.202309131626/tools/bin/../lib/gcc/arm-none-eabi/11.3.1/thumb/v7e-m+fp/hard\libgcc.a(_aeabi_uldivmod.o)
 .debug_frame   0x0000000000003828       0x34 D:/stm_cubeide/STM32CubeIDE_1.13.2/STM32CubeIDE/plugins/com.st.stm32cube.ide.mcu.externaltools.gnu-tools-for-stm32.11.3.rel1.win32_1.1.1.202309131626/tools/bin/../lib/gcc/arm-none-eabi/11.3.1/thumb/v7e-m+fp/hard\libgcc.a(_udivmoddi4.o)

.debug_line_str
                0x0000000000000000       0x5a
 .debug_line_str
                0x0000000000000000       0x5a ./Core/Startup/startup_stm32f407vgtx.o
                                         0x72 (size before relaxing)
