../Core/Src/main.c:118:5:main	8	static
../Core/Src/main.c:233:6:SystemClock_Config	88	static
../Core/Src/main.c:280:13:MX_ADC1_Init	24	static
../Core/Src/main.c:332:13:MX_CAN1_Init	8	static
../Core/Src/main.c:369:13:MX_TIM4_Init	64	static
../Core/Src/main.c:430:13:MX_DMA_Init	16	static
../Core/Src/main.c:451:13:MX_GPIO_Init	48	static
../Core/Src/main.c:504:6:HAL_ADC_ConvCpltCallback	16	static
../Core/Src/main.c:514:13:turn_motor	16	static
../Core/Src/main.c:531:13:handle_ADC_Conversion	8	static
../Core/Src/main.c:556:13:variablesToByteArray	32	static
../Core/Src/main.c:571:13:CAN1_Tx	48	static
../Core/Src/main.c:592:13:CAN1_Filter_Config	48	static
../Core/Src/main.c:614:13:CAN1_Rx	40	static
../Core/Src/main.c:640:6:HAL_CAN_TxMailbox0CompleteCallback	16	static
../Core/Src/main.c:653:6:HAL_CAN_TxMailbox1CompleteCallback	16	static
../Core/Src/main.c:666:6:HAL_CAN_TxMailbox2CompleteCallback	16	static
../Core/Src/main.c:679:6:HAL_CAN_RxFifo0MsgPendingCallback	16	static
../Core/Src/main.c:692:6:HAL_CAN_ErrorCallback	16	static
../Core/Src/main.c:705:6:Error_Handler	4	static,ignoring_inline_asm
