../Core/Src/main.c:73:5:main	8	static
../Core/Src/main.c:145:6:SystemClock_Config	88	static
../Core/Src/main.c:192:13:MX_CAN1_Init	8	static
../Core/Src/main.c:229:13:MX_GPIO_Init	40	static
../Core/Src/main.c:258:13:CAN1_Tx	40	static
../Core/Src/main.c:285:13:CAN1_Filter_Config	48	static
../Core/Src/main.c:307:13:CAN1_Rx	40	static
../Core/Src/main.c:342:6:HAL_CAN_TxMailbox0CompleteCallback	16	static
../Core/Src/main.c:353:6:HAL_CAN_TxMailbox1CompleteCallback	16	static
../Core/Src/main.c:364:6:HAL_CAN_TxMailbox2CompleteCallback	16	static
../Core/Src/main.c:375:6:HAL_CAN_RxFifo0MsgPendingCallback	16	static
../Core/Src/main.c:386:6:HAL_CAN_ErrorCallback	16	static
../Core/Src/main.c:398:6:Error_Handler	4	static,ignoring_inline_asm
