../Core/Src/main.c:141:5:main	8	static
../Core/Src/main.c:249:6:SystemClock_Config	88	static
../Core/Src/main.c:296:13:MX_ADC1_Init	24	static
../Core/Src/main.c:348:13:MX_CAN1_Init	8	static
../Core/Src/main.c:385:13:MX_TIM6_Init	16	static
../Core/Src/main.c:423:13:MX_GPIO_Init	48	static
../Core/Src/main.c:466:6:HAL_ADC_ConvCpltCallback	16	static
../Core/Src/main.c:476:13:micro_Delay	16	static
../Core/Src/main.c:487:13:Set_Pin_output	40	static
../Core/Src/main.c:503:13:Set_Pin_Input	40	static
../Core/Src/main.c:517:13:dht11_start	8	static
../Core/Src/main.c:531:16:check_response	16	static
../Core/Src/main.c:556:16:dht11_read	16	static
../Core/Src/main.c:578:13:temp_seuil	16	static
../Core/Src/main.c:594:13:Dht11_function	16	static
../Core/Src/main.c:641:13:FUEL_Sensor_Function	8	static
../Core/Src/main.c:670:13:CAN1_Tx	40	static
../Core/Src/main.c:703:6:HAL_CAN_TxMailbox0CompleteCallback	16	static
../Core/Src/main.c:716:6:HAL_CAN_TxMailbox1CompleteCallback	16	static
../Core/Src/main.c:729:6:HAL_CAN_TxMailbox2CompleteCallback	16	static
../Core/Src/main.c:742:6:HAL_CAN_ErrorCallback	16	static
../Core/Src/main.c:756:6:Error_Handler	4	static,ignoring_inline_asm
